
--- Makefile ----
...

test-libroman: test-libroman.o
	gcc test-libroman.c -L. -lroman -lcheck -o test-libroman

test-libroman.c: test-libroman.check
	checkmk test-libroman.check >test-libroman.c


--- test-libroman.check ----

#include "romancalc.h"

#suite utils

/* int chk_for_valid_roman_digit(char roman_digit) 
 * @param char roman_digit
 *   ONLY valid roman_digits:  M D C L X V I
 * @return 
 *   0 - SUCCESS, input is a valid roman_digit
 *   1 - ERROR, input IS NOT a valid roman_digit    
 */

#tcase tc1_chk_for_valid_roman_digit

#test tc1_1_pos_chk
      char romans[] = { 'M',  'D', 'C','L','X','V','I'};
      int ec;
      int i;
      for (i=0; i < 7; i++){
      	  ec = chk_for_valid_roman_digit(romans[i]);
	  fail_unless(ec == 0, "tc1.1 failed");
	  }

#test tc1_2_neg_chk
      char romans[] = { 'm',  'd', 'c','l','x','v','i'};
      int ec;
      int i;
      for (i=0; i < 7; i++){
      	  ec = chk_for_valid_roman_digit(romans[i]);
	  fail_unless(ec == 1, "tc1.2 failed");
	  }

--- build/run suite utils ---

iqdean@hpdm4:~/u1404/pillar/pillar7$ ls -al
total 56
drwxrwxrwx 1 root root  4096 Aug  9 20:20 .
drwxrwxrwx 1 root root  4096 Aug  7 12:43 ..
drwxrwxrwx 1 root root  4096 Aug  9 11:35 bkup
drwxrwxrwx 1 root root  4096 Aug  9 20:23 docs
drwxrwxrwx 1 root root  4096 Aug  9 17:18 .git
-rwxrwxrwx 1 root root  1825 Aug  9 18:41 main.c
-rwxrwxrwx 1 root root  1163 Aug  9 20:19 Makefile
-rwxrwxrwx 1 root root   905 Aug  9 15:11 Makefile.shared
-rwxrwxrwx 1 root root   641 Aug  9 14:39 Makefile.static
drwxrwxrwx 1 root root     0 Aug  8 09:54 nbproject
-rwxrwxrwx 1 root root 10152 Aug  9 19:57 romancalc.c
-rwxrwxrwx 1 root root  1391 Aug  9 00:43 romancalc.h
-rwxrwxrwx 1 root root   780 Aug  9 20:19 test-libroman.check

--- rinse & repeat ---

iqdean@hpdm4:~/u1404/pillar/pillar7$ make clean
romancalc - cleaning *.o *.so test-shared test-libroman.c test-libroman.c

iqdean@hpdm4:~/u1404/pillar/pillar7$ make libroman.so
romancalc - compiling romancalc.c
romancalc.c: In function ‘toBase10fromRoman’:
romancalc.c:132:9: warning: value computed is not used [-Wunused-value]
         *q++;        
         ^
romancalc - linking libroman.so
gcc -shared -lc -Wl,-soname,libroman.so      -o libroman.so      romancalc.o

iqdean@hpdm4:~/u1404/pillar/pillar7$ make test-libroman
checkmk test-libroman.check >test-libroman.c
romancalc - compiling test-libroman.c
gcc test-libroman.c -L. -lroman -lcheck -o test-libroman

iqdean@hpdm4:~/u1404/pillar/pillar7$ ls -l
total 92
drwxrwxrwx 1 root root  4096 Aug  9 11:35 bkup
drwxrwxrwx 1 root root  4096 Aug  9 20:23 docs
-rwxrwxrwx 1 root root 13124 Aug  9 20:25 libroman.so
-rwxrwxrwx 1 root root  1825 Aug  9 18:41 main.c
-rwxrwxrwx 1 root root  1163 Aug  9 20:19 Makefile
-rwxrwxrwx 1 root root   905 Aug  9 15:11 Makefile.shared
-rwxrwxrwx 1 root root   641 Aug  9 14:39 Makefile.static
drwxrwxrwx 1 root root     0 Aug  8 09:54 nbproject
-rwxrwxrwx 1 root root 10152 Aug  9 19:57 romancalc.c
-rwxrwxrwx 1 root root  1391 Aug  9 00:43 romancalc.h
-rwxrwxrwx 1 root root  7976 Aug  9 20:25 romancalc.o
-rwxrwxrwx 1 root root 13288 Aug  9 20:25 test-libroman
-rwxrwxrwx 1 root root  1378 Aug  9 20:25 test-libroman.c
-rwxrwxrwx 1 root root   780 Aug  9 20:19 test-libroman.check
-rwxrwxrwx 1 root root  3808 Aug  9 20:25 test-libroman.o

iqdean@hpdm4:~/u1404/pillar/pillar7$ ./test-libroman
Running suite(s): utils
100%: Checks: 2, Failures: 0, Errors: 0

